Sun, 22 Mar 2026 13:51:33 main.py[line:107] INFO Namespace(mode='train', workspace='workspace', flusense=True, learning_rate=0.001, batch_size=32, arch='logmel', backbone='baseline', method='embedding', layer=None, save_dir='save_model')
Sun, 22 Mar 2026 13:51:33 main.py[line:117] INFO Using device: cuda
Sun, 22 Mar 2026 13:51:33 main.py[line:121] INFO Dataset size: 15116
Sun, 22 Mar 2026 13:51:56 main.py[line:134] INFO Train: 12092, Val: 3024
Sun, 22 Mar 2026 13:51:56 main.py[line:151] INFO Model: baseline, Parameters: 1,028,937
Sun, 22 Mar 2026 13:52:02 main.py[line:185] INFO ==================================================
Sun, 22 Mar 2026 13:52:02 main.py[line:186] INFO Epoch 1/30, lr: 0.001000
Sun, 22 Mar 2026 13:52:02 main.py[line:187] INFO ==================================================
Sun, 22 Mar 2026 13:54:20 main.py[line:234] INFO train: Loss=2.3521, UAR=0.2236, AUC=0.6527, Diag=[  12  472 1550   25  329   75    8  291    3]
Sun, 22 Mar 2026 13:54:46 main.py[line:234] INFO   val: Loss=1.7127, UAR=0.3682, AUC=0.7977, Diag=[ 15  19 337  10 103  49  11   3   0]
Sun, 22 Mar 2026 13:54:46 main.py[line:264] INFO *** New best model saved (UAR=0.3682) \u2192 save_model\best_model.pth
Sun, 22 Mar 2026 13:54:46 main.py[line:185] INFO ==================================================
Sun, 22 Mar 2026 13:54:46 main.py[line:186] INFO Epoch 2/30, lr: 0.001000
Sun, 22 Mar 2026 13:54:46 main.py[line:187] INFO ==================================================
Sun, 22 Mar 2026 13:56:50 main.py[line:234] INFO train: Loss=1.8767, UAR=0.3195, AUC=0.7507, Diag=[  14  662 1821   42  381  106   29  514    6]
Sun, 22 Mar 2026 13:57:04 main.py[line:234] INFO   val: Loss=1.4685, UAR=0.4753, AUC=0.8570, Diag=[ 15 197 503  17 108  40  14  93   2]
Sun, 22 Mar 2026 13:57:04 main.py[line:264] INFO *** New best model saved (UAR=0.4753) \u2192 save_model\best_model.pth
Sun, 22 Mar 2026 13:57:04 main.py[line:185] INFO ==================================================
Sun, 22 Mar 2026 13:57:04 main.py[line:186] INFO Epoch 3/30, lr: 0.001000
Sun, 22 Mar 2026 13:57:04 main.py[line:187] INFO ==================================================
